---
# Source: activity-tracking-simulator/charts/activity-tracking-simulator/templates/serviceaccount.yaml
apiVersion: v1
kind: ServiceAccount
metadata:
  name: activity-tracking-simulator
  labels:
    helm.sh/chart: activity-tracking-simulator-0.1.0
    app.kubernetes.io/name: activity-tracking-simulator
    app.kubernetes.io/instance: hub-globex-activity-tracking-simulator
    app.kubernetes.io/version: "1.0.0"
    app.kubernetes.io/managed-by: Helm
---
# Source: activity-tracking-simulator/charts/activity-tracking-simulator/templates/service.yaml
apiVersion: v1
kind: Service
metadata:
  name: activity-tracking-simulator
  labels:
    helm.sh/chart: activity-tracking-simulator-0.1.0
    app.kubernetes.io/name: activity-tracking-simulator
    app.kubernetes.io/instance: hub-globex-activity-tracking-simulator
    app.kubernetes.io/version: "1.0.0"
    app.kubernetes.io/managed-by: Helm
spec:
  type: ClusterIP
  ports:
    - port: 8080
      targetPort: http
      protocol: TCP
      name: http
  selector:
    app.kubernetes.io/name: activity-tracking-simulator
    app.kubernetes.io/instance: hub-globex-activity-tracking-simulator
---
# Source: activity-tracking-simulator/charts/activity-tracking-simulator/templates/deployment.yaml
apiVersion: apps/v1
kind: Deployment
metadata:
  name: activity-tracking-simulator
  labels:
    helm.sh/chart: activity-tracking-simulator-0.1.0
    app.kubernetes.io/name: activity-tracking-simulator
    app.kubernetes.io/instance: hub-globex-activity-tracking-simulator
    app.kubernetes.io/version: "1.0.0"
    app.kubernetes.io/managed-by: Helm
    app.openshift.io/runtime: quarkus
spec:
  replicas: 1
  selector:
    matchLabels:
      app.kubernetes.io/name: activity-tracking-simulator
      app.kubernetes.io/instance: hub-globex-activity-tracking-simulator
  template:
    metadata:
      labels:
        app.kubernetes.io/name: activity-tracking-simulator
        app.kubernetes.io/instance: hub-globex-activity-tracking-simulator
    spec:
      serviceAccountName: activity-tracking-simulator
      containers:
        - name: activity-tracking-simulator
          image: "quay.io/globex-recommendation/activity-tracking-simulator:6977f03"
          imagePullPolicy: IfNotPresent
          ports:
            - name: http
              containerPort: 8080
              protocol: TCP
          env:
            - name: ACTIVITY_TRACKING_SERVICE_HOST
              value: activity-tracking:8080
          livenessProbe:
            httpGet:
              path: /q/health/live
              port: http
            initialDelaySeconds: 30
            periodSeconds: 10
            timeoutSeconds: 3
          readinessProbe:
            httpGet:
              path: /q/health/ready
              port: http
            initialDelaySeconds: 5
            periodSeconds: 10
            timeoutSeconds: 3
          resources:
            limits:
              cpu: 100m
              memory: 250Mi
            requests:
              cpu: 100m
              memory: 128Mi
          securityContext:
            allowPrivilegeEscalation: false
            capabilities:
              drop:
              - ALL
            runAsNonRoot: true
            seccompProfile:
              type: RuntimeDefault
---
# Source: activity-tracking-simulator/charts/activity-tracking-simulator/templates/route.yaml
kind: Route
apiVersion: route.openshift.io/v1
metadata:
  name: activity-tracking-simulator
  labels:
    helm.sh/chart: activity-tracking-simulator-0.1.0
    app.kubernetes.io/name: activity-tracking-simulator
    app.kubernetes.io/instance: hub-globex-activity-tracking-simulator
    app.kubernetes.io/version: "1.0.0"
    app.kubernetes.io/managed-by: Helm
spec:
  
  to:
    kind: Service
    name: activity-tracking-simulator
    weight: 100
  port:
    targetPort: http
  wildcardPolicy: None
  tls:
    insecureEdgeTerminationPolicy: Redirect
    termination: edge
